==========================================
ТЕСТИРОВАНИЕ 4-ФАЗНОГО ПОДХОДА
==========================================

==========================================
🏠 Тестирование: Clare Court
🌐 URL: https://www.averyhealthcare.co.uk/our-homes/clare-court
==========================================
❌ Ошибка при выполнении запроса


==========================================
🏠 Тестирование: Metchley Manor
🌐 URL: https://www.careuk.com/care-homes/metchley-manor
==========================================
❌ Ошибка при выполнении запроса


==========================================
🏠 Тестирование: Bartley Green Lodge
🌐 URL: https://www.sanctuary-care.co.uk/care-homes/bartley-green-lodge
==========================================
❌ Ошибка при выполнении запроса


==========================================
🏠 Тестирование: Inglewood
🌐 URL: https://www.careuk.com/care-homes/inglewood
==========================================
❌ Ошибка при выполнении запроса


==========================================
📊 ИТОГОВАЯ СТАТИСТИКА
==========================================

Ошибка: [Errno 2] No such file or directory: '$results_file'

✅ Тестирование завершено!
📄 Результаты сохранены в: test_results_4phase_20251115_144000.json
